model: cosma/_exported/InceptionResNetV2/model.json
spm_budget_mb: 5.0000
============================================================
OnSRAM-Static @ 5.00 MB: 332/335 COSMA-tracked tensors pinned (99.1%)
  [OK] 332/335 pinned, independently replayed with no physical inconsistency; peak 4.4861 MB / 5.00 MB budget (oversized excluded: [9])

--- SCHEDULE (BFS-DFS hybrid execution order) ---
  t=0    layer=0     op=CONV2D
  t=1    layer=1     op=CONV2D
  t=2    layer=2     op=CONV2D
  t=3    layer=3     op=MAXPOOL
  t=4    layer=4     op=CONV2D
  t=5    layer=5     op=CONV2D
  t=6    layer=6     op=MAXPOOL
  t=7    layer=7     op=AVGPOOL
  t=8    layer=8     op=CONV2D
  t=9    layer=10    op=CONV2D
  t=10   layer=12    op=CONV2D
  t=11   layer=9     op=CONV2D
  t=12   layer=11    op=CONV2D
  t=13   layer=13    op=CONV2D
  t=14   layer=14    op=CONV2D
  t=15   layer=15    op=CONCAT
  t=16   layer=16    op=CONV2D
  t=17   layer=17    op=CONV2D
  t=18   layer=19    op=CONV2D
  t=19   layer=18    op=CONV2D
  t=20   layer=20    op=CONV2D
  t=21   layer=21    op=CONV2D
  t=22   layer=22    op=CONCAT
  t=23   layer=23    op=CONV2D
  t=24   layer=24    op=ADD
  t=25   layer=25    op=CONV2D
  t=26   layer=26    op=CONV2D
  t=27   layer=28    op=CONV2D
  t=28   layer=27    op=CONV2D
  t=29   layer=29    op=CONV2D
  t=30   layer=30    op=CONV2D
  t=31   layer=31    op=CONCAT
  t=32   layer=32    op=CONV2D
  t=33   layer=33    op=ADD
  t=34   layer=34    op=CONV2D
  t=35   layer=35    op=CONV2D
  t=36   layer=37    op=CONV2D
  t=37   layer=36    op=CONV2D
  t=38   layer=38    op=CONV2D
  t=39   layer=39    op=CONV2D
  t=40   layer=40    op=CONCAT
  t=41   layer=41    op=CONV2D
  t=42   layer=42    op=ADD
  t=43   layer=43    op=CONV2D
  t=44   layer=44    op=CONV2D
  t=45   layer=46    op=CONV2D
  t=46   layer=45    op=CONV2D
  t=47   layer=47    op=CONV2D
  t=48   layer=48    op=CONV2D
  t=49   layer=49    op=CONCAT
  t=50   layer=50    op=CONV2D
  t=51   layer=51    op=ADD
  t=52   layer=52    op=CONV2D
  t=53   layer=53    op=CONV2D
  t=54   layer=55    op=CONV2D
  t=55   layer=54    op=CONV2D
  t=56   layer=56    op=CONV2D
  t=57   layer=57    op=CONV2D
  t=58   layer=58    op=CONCAT
  t=59   layer=59    op=CONV2D
  t=60   layer=60    op=ADD
  t=61   layer=61    op=CONV2D
  t=62   layer=62    op=CONV2D
  t=63   layer=64    op=CONV2D
  t=64   layer=63    op=CONV2D
  t=65   layer=65    op=CONV2D
  t=66   layer=66    op=CONV2D
  t=67   layer=67    op=CONCAT
  t=68   layer=68    op=CONV2D
  t=69   layer=69    op=ADD
  t=70   layer=70    op=CONV2D
  t=71   layer=71    op=CONV2D
  t=72   layer=73    op=CONV2D
  t=73   layer=72    op=CONV2D
  t=74   layer=74    op=CONV2D
  t=75   layer=75    op=CONV2D
  t=76   layer=76    op=CONCAT
  t=77   layer=77    op=CONV2D
  t=78   layer=78    op=ADD
  t=79   layer=79    op=CONV2D
  t=80   layer=80    op=CONV2D
  t=81   layer=82    op=CONV2D
  t=82   layer=81    op=CONV2D
  t=83   layer=83    op=CONV2D
  t=84   layer=84    op=CONV2D
  t=85   layer=85    op=CONCAT
  t=86   layer=86    op=CONV2D
  t=87   layer=87    op=ADD
  t=88   layer=88    op=CONV2D
  t=89   layer=89    op=CONV2D
  t=90   layer=91    op=CONV2D
  t=91   layer=90    op=CONV2D
  t=92   layer=92    op=CONV2D
  t=93   layer=93    op=CONV2D
  t=94   layer=94    op=CONCAT
  t=95   layer=95    op=CONV2D
  t=96   layer=96    op=ADD
  t=97   layer=100   op=CONV2D
  t=98   layer=97    op=CONV2D
  t=99   layer=98    op=CONV2D
  t=100  layer=101   op=CONV2D
  t=101  layer=99    op=CONV2D
  t=102  layer=102   op=CONV2D
  t=103  layer=103   op=CONCAT
  t=104  layer=104   op=CONV2D
  t=105  layer=105   op=ADD
  t=106  layer=110   op=MAXPOOL
  t=107  layer=106   op=CONV2D
  t=108  layer=107   op=CONV2D
  t=109  layer=108   op=CONV2D
  t=110  layer=109   op=CONV2D
  t=111  layer=111   op=CONCAT
  t=112  layer=113   op=CONV2D
  t=113  layer=112   op=CONV2D
  t=114  layer=114   op=CONV2D
  t=115  layer=115   op=CONV2D
  t=116  layer=116   op=CONCAT
  t=117  layer=117   op=CONV2D
  t=118  layer=118   op=ADD
  t=119  layer=120   op=CONV2D
  t=120  layer=119   op=CONV2D
  t=121  layer=121   op=CONV2D
  t=122  layer=122   op=CONV2D
  t=123  layer=123   op=CONCAT
  t=124  layer=124   op=CONV2D
  t=125  layer=125   op=ADD
  t=126  layer=127   op=CONV2D
  t=127  layer=126   op=CONV2D
  t=128  layer=128   op=CONV2D
  t=129  layer=129   op=CONV2D
  t=130  layer=130   op=CONCAT
  t=131  layer=131   op=CONV2D
  t=132  layer=132   op=ADD
  t=133  layer=134   op=CONV2D
  t=134  layer=133   op=CONV2D
  t=135  layer=135   op=CONV2D
  t=136  layer=136   op=CONV2D
  t=137  layer=137   op=CONCAT
  t=138  layer=138   op=CONV2D
  t=139  layer=139   op=ADD
  t=140  layer=141   op=CONV2D
  t=141  layer=140   op=CONV2D
  t=142  layer=142   op=CONV2D
  t=143  layer=143   op=CONV2D
  t=144  layer=144   op=CONCAT
  t=145  layer=145   op=CONV2D
  t=146  layer=146   op=ADD
  t=147  layer=148   op=CONV2D
  t=148  layer=147   op=CONV2D
  t=149  layer=149   op=CONV2D
  t=150  layer=150   op=CONV2D
  t=151  layer=151   op=CONCAT
  t=152  layer=152   op=CONV2D
  t=153  layer=153   op=ADD
  t=154  layer=155   op=CONV2D
  t=155  layer=154   op=CONV2D
  t=156  layer=156   op=CONV2D
  t=157  layer=157   op=CONV2D
  t=158  layer=158   op=CONCAT
  t=159  layer=159   op=CONV2D
  t=160  layer=160   op=ADD
  t=161  layer=162   op=CONV2D
  t=162  layer=161   op=CONV2D
  t=163  layer=163   op=CONV2D
  t=164  layer=164   op=CONV2D
  t=165  layer=165   op=CONCAT
  t=166  layer=166   op=CONV2D
  t=167  layer=167   op=ADD
  t=168  layer=169   op=CONV2D
  t=169  layer=168   op=CONV2D
  t=170  layer=170   op=CONV2D
  t=171  layer=171   op=CONV2D
  t=172  layer=172   op=CONCAT
  t=173  layer=173   op=CONV2D
  t=174  layer=174   op=ADD
  t=175  layer=176   op=CONV2D
  t=176  layer=175   op=CONV2D
  t=177  layer=177   op=CONV2D
  t=178  layer=178   op=CONV2D
  t=179  layer=179   op=CONCAT
  t=180  layer=180   op=CONV2D
  t=181  layer=181   op=ADD
  t=182  layer=183   op=CONV2D
  t=183  layer=182   op=CONV2D
  t=184  layer=184   op=CONV2D
  t=185  layer=185   op=CONV2D
  t=186  layer=186   op=CONCAT
  t=187  layer=187   op=CONV2D
  t=188  layer=188   op=ADD
  t=189  layer=190   op=CONV2D
  t=190  layer=189   op=CONV2D
  t=191  layer=191   op=CONV2D
  t=192  layer=192   op=CONV2D
  t=193  layer=193   op=CONCAT
  t=194  layer=194   op=CONV2D
  t=195  layer=195   op=ADD
  t=196  layer=197   op=CONV2D
  t=197  layer=196   op=CONV2D
  t=198  layer=198   op=CONV2D
  t=199  layer=199   op=CONV2D
  t=200  layer=200   op=CONCAT
  t=201  layer=201   op=CONV2D
  t=202  layer=202   op=ADD
  t=203  layer=204   op=CONV2D
  t=204  layer=203   op=CONV2D
  t=205  layer=205   op=CONV2D
  t=206  layer=206   op=CONV2D
  t=207  layer=207   op=CONCAT
  t=208  layer=208   op=CONV2D
  t=209  layer=209   op=ADD
  t=210  layer=211   op=CONV2D
  t=211  layer=210   op=CONV2D
  t=212  layer=212   op=CONV2D
  t=213  layer=213   op=CONV2D
  t=214  layer=214   op=CONCAT
  t=215  layer=215   op=CONV2D
  t=216  layer=216   op=ADD
  t=217  layer=218   op=CONV2D
  t=218  layer=217   op=CONV2D
  t=219  layer=219   op=CONV2D
  t=220  layer=220   op=CONV2D
  t=221  layer=221   op=CONCAT
  t=222  layer=222   op=CONV2D
  t=223  layer=223   op=ADD
  t=224  layer=225   op=CONV2D
  t=225  layer=224   op=CONV2D
  t=226  layer=226   op=CONV2D
  t=227  layer=227   op=CONV2D
  t=228  layer=228   op=CONCAT
  t=229  layer=229   op=CONV2D
  t=230  layer=230   op=ADD
  t=231  layer=232   op=CONV2D
  t=232  layer=231   op=CONV2D
  t=233  layer=233   op=CONV2D
  t=234  layer=234   op=CONV2D
  t=235  layer=235   op=CONCAT
  t=236  layer=236   op=CONV2D
  t=237  layer=237   op=ADD
  t=238  layer=239   op=CONV2D
  t=239  layer=238   op=CONV2D
  t=240  layer=240   op=CONV2D
  t=241  layer=241   op=CONV2D
  t=242  layer=242   op=CONCAT
  t=243  layer=243   op=CONV2D
  t=244  layer=244   op=ADD
  t=245  layer=246   op=CONV2D
  t=246  layer=245   op=CONV2D
  t=247  layer=247   op=CONV2D
  t=248  layer=248   op=CONV2D
  t=249  layer=249   op=CONCAT
  t=250  layer=250   op=CONV2D
  t=251  layer=251   op=ADD
  t=252  layer=259   op=MAXPOOL
  t=253  layer=252   op=CONV2D
  t=254  layer=253   op=CONV2D
  t=255  layer=254   op=CONV2D
  t=256  layer=255   op=CONV2D
  t=257  layer=256   op=CONV2D
  t=258  layer=257   op=CONV2D
  t=259  layer=258   op=CONV2D
  t=260  layer=260   op=CONCAT
  t=261  layer=261   op=CONV2D
  t=262  layer=262   op=CONV2D
  t=263  layer=263   op=CONV2D
  t=264  layer=264   op=CONV2D
  t=265  layer=265   op=CONCAT
  t=266  layer=266   op=CONV2D
  t=267  layer=267   op=ADD
  t=268  layer=268   op=CONV2D
  t=269  layer=269   op=CONV2D
  t=270  layer=270   op=CONV2D
  t=271  layer=271   op=CONV2D
  t=272  layer=272   op=CONCAT
  t=273  layer=273   op=CONV2D
  t=274  layer=274   op=ADD
  t=275  layer=275   op=CONV2D
  t=276  layer=276   op=CONV2D
  t=277  layer=277   op=CONV2D
  t=278  layer=278   op=CONV2D
  t=279  layer=279   op=CONCAT
  t=280  layer=280   op=CONV2D
  t=281  layer=281   op=ADD
  t=282  layer=282   op=CONV2D
  t=283  layer=283   op=CONV2D
  t=284  layer=284   op=CONV2D
  t=285  layer=285   op=CONV2D
  t=286  layer=286   op=CONCAT
  t=287  layer=287   op=CONV2D
  t=288  layer=288   op=ADD
  t=289  layer=289   op=CONV2D
  t=290  layer=290   op=CONV2D
  t=291  layer=291   op=CONV2D
  t=292  layer=292   op=CONV2D
  t=293  layer=293   op=CONCAT
  t=294  layer=294   op=CONV2D
  t=295  layer=295   op=ADD
  t=296  layer=296   op=CONV2D
  t=297  layer=297   op=CONV2D
  t=298  layer=298   op=CONV2D
  t=299  layer=299   op=CONV2D
  t=300  layer=300   op=CONCAT
  t=301  layer=301   op=CONV2D
  t=302  layer=302   op=ADD
  t=303  layer=303   op=CONV2D
  t=304  layer=304   op=CONV2D
  t=305  layer=305   op=CONV2D
  t=306  layer=306   op=CONV2D
  t=307  layer=307   op=CONCAT
  t=308  layer=308   op=CONV2D
  t=309  layer=309   op=ADD
  t=310  layer=310   op=CONV2D
  t=311  layer=311   op=CONV2D
  t=312  layer=312   op=CONV2D
  t=313  layer=313   op=CONV2D
  t=314  layer=314   op=CONCAT
  t=315  layer=315   op=CONV2D
  t=316  layer=316   op=ADD
  t=317  layer=317   op=CONV2D
  t=318  layer=318   op=CONV2D
  t=319  layer=319   op=CONV2D
  t=320  layer=320   op=CONV2D
  t=321  layer=321   op=CONCAT
  t=322  layer=322   op=CONV2D
  t=323  layer=323   op=ADD
  t=324  layer=324   op=CONV2D
  t=325  layer=325   op=CONV2D
  t=326  layer=326   op=CONV2D
  t=327  layer=327   op=CONV2D
  t=328  layer=328   op=CONCAT
  t=329  layer=329   op=CONV2D
  t=330  layer=330   op=ADD
  t=331  layer=331   op=CONV2D
  t=332  layer=332   op=REDUCE_MEAN
  t=333  layer=333   op=DENSE
  t=334  layer=334   op=SOFTMAX

--- FOM LIST (all tensors, sorted by FoM descending) ---
   tensor    size_KB produced last_used        fom  pinned  reclaimed_src
      270    1531.25      105       108   134.5053  True    True
        9    5402.25        2         3   134.5000  False   False
       16    3780.75        5         6   134.5000  True    True
       62    1531.25       23        24   134.5000  True    True
       85    1531.25       32        33   134.5000  True    True
      108    1531.25       41        42   134.5000  True    True
      131    1531.25       50        51   134.5000  True    True
      154    1531.25       59        60   134.5000  True    True
      177    1531.25       68        69   134.5000  True    True
      200    1531.25       77        78   134.5000  True    True
      223    1531.25       86        87   134.5000  True    True
      246    1531.25       95        96   134.5000  True    True
      269    1531.25      104       105   134.5000  True    False
      300    1228.25      117       118   134.5000  True    True
      317    1228.25      124       125   134.5000  True    True
      334    1228.25      131       132   134.5000  True    True
      351    1228.25      138       139   134.5000  True    True
      368    1228.25      145       146   134.5000  True    True
      385    1228.25      152       153   134.5000  True    True
      402    1228.25      159       160   134.5000  True    True
      419    1228.25      166       167   134.5000  True    True
      436    1228.25      173       174   134.5000  True    True
      453    1228.25      180       181   134.5000  True    True
      470    1228.25      187       188   134.5000  True    True
      487    1228.25      194       195   134.5000  True    True
      504    1228.25      201       202   134.5000  True    True
      521    1228.25      208       209   134.5000  True    True
      538    1228.25      215       216   134.5000  True    True
      555    1228.25      222       223   134.5000  True    True
      572    1228.25      229       230   134.5000  True    True
      589    1228.25      236       237   134.5000  True    True
      606    1228.25      243       244   134.5000  True    True
      623    1228.25      250       251   134.5000  True    True
      663     520.00      266       267   134.5000  True    True
      680     520.00      273       274   134.5000  True    True
      697     520.00      280       281   134.5000  True    True
      714     520.00      287       288   134.5000  True    True
      731     520.00      294       295   134.5000  True    True
      748     520.00      301       302   134.5000  True    True
      765     520.00      308       309   134.5000  True    True
      782     520.00      315       316   134.5000  True    True
      799     520.00      322       323   134.5000  True    True
      816     520.00      329       330   134.5000  True    True
      820     384.00      331       332   134.5000  True    True
      825       3.91      333       334   134.5000  True    True
       39     459.38       14        15   134.5000  True    True
       58     306.25       21        22   134.5000  True    True
       81     306.25       30        31   134.5000  True    True
      104     306.25       39        40   134.5000  True    True
      127     306.25       48        49   134.5000  True    True
      150     306.25       57        58   134.5000  True    True
      173     306.25       66        67   134.5000  True    True
      196     306.25       75        76   134.5000  True    True
      219     306.25       84        85   134.5000  True    True
      242     306.25       93        94   134.5000  True    True
      265     306.25      102       103   134.5000  True    True
      282     433.50      110       111   134.5000  True    True
      296     216.75      115       116   134.5000  True    True
      313     216.75      122       123   134.5000  True    True
      330     216.75      129       130   134.5000  True    True
      347     216.75      136       137   134.5000  True    True
      364     216.75      143       144   134.5000  True    True
      381     216.75      150       151   134.5000  True    True
      398     216.75      157       158   134.5000  True    True
      415     216.75      164       165   134.5000  True    True
      432     216.75      171       172   134.5000  True    True
      449     216.75      178       179   134.5000  True    True
      466     216.75      185       186   134.5000  True    True
      483     216.75      192       193   134.5000  True    True
      500     216.75      199       200   134.5000  True    True
      517     216.75      206       207   134.5000  True    True
      534     216.75      213       214   134.5000  True    True
      551     216.75      220       221   134.5000  True    True
      568     216.75      227       228   134.5000  True    True
      585     216.75      234       235   134.5000  True    True
      602     216.75      241       242   134.5000  True    True
      619     216.75      248       249   134.5000  True    True
      645      80.00      259       260   134.5000  True    True
      659      64.00      264       265   134.5000  True    True
      676      64.00      271       272   134.5000  True    True
      693      64.00      278       279   134.5000  True    True
      710      64.00      285       286   134.5000  True    True
      727      64.00      292       293   134.5000  True    True
      744      64.00      299       300   134.5000  True    True
      761      64.00      306       307   134.5000  True    True
      778      64.00      313       314   134.5000  True    True
      795      64.00      320       321   134.5000  True    True
      812      64.00      327       328   134.5000  True    True
       18     918.75        7         8   134.0079  True    True
       10    1332.25        3         4   134.0065  True    False
      276    1225.00      108       109   134.0057  True    True
       13    1665.31        4         5   134.0056  False   False
        6    2701.12        1         2   134.0039  True    False
        3    2775.12        0         1   134.0032  False   False
      279    1225.00      109       110   134.0021  True    False
       59     612.50       22        23   134.0019  True    False
       82     612.50       31        32   134.0019  True    False
      105     612.50       40        41   134.0019  True    False
      128     612.50       49        50   134.0019  True    False
      151     612.50       58        59   134.0019  True    False
      174     612.50       67        68   134.0019  True    False
      197     612.50       76        77   134.0019  True    False
      220     612.50       85        86   134.0019  True    False
      243     612.50       94        95   134.0019  True    False
      266     612.50      103       104   134.0019  True    False
      817     520.00      330       331   134.0019  True    False
      639     289.00      257       258   134.0016  True    True
      297     433.50      116       117   134.0014  True    False
      314     433.50      123       124   134.0014  True    False
      331     433.50      130       131   134.0014  True    False
      348     433.50      137       138   134.0014  True    False
      365     433.50      144       145   134.0014  True    False
      382     433.50      151       152   134.0014  True    False
      399     433.50      158       159   134.0014  True    False
      416     433.50      165       166   134.0014  True    False
      433     433.50      172       173   134.0014  True    False
      450     433.50      179       180   134.0014  True    False
      467     433.50      186       187   134.0014  True    False
      484     433.50      193       194   134.0014  True    False
      501     433.50      200       201   134.0014  True    False
      518     433.50      207       208   134.0014  True    False
      535     433.50      214       215   134.0014  True    False
      552     433.50      221       222   134.0014  True    False
      569     433.50      228       229   134.0014  True    False
      586     433.50      235       236   134.0014  True    False
      603     433.50      242       243   134.0014  True    False
      620     433.50      249       250   134.0014  True    False
       36     459.38       13        14   134.0014  True    False
       55     229.69       20        21   134.0011  True    False
       78     229.69       29        30   134.0011  True    False
      101     229.69       38        39   134.0011  True    False
      124     229.69       47        48   134.0011  True    False
      147     229.69       56        57   134.0011  True    False
      170     229.69       65        66   134.0011  True    False
      193     229.69       74        75   134.0011  True    False
      216     229.69       83        84   134.0011  True    False
      239     229.69       92        93   134.0011  True    False
      293     180.62      114       115   134.0008  True    False
      310     180.62      121       122   134.0008  True    False
      327     180.62      128       129   134.0008  True    False
      344     180.62      135       136   134.0008  True    False
      361     180.62      142       143   134.0008  True    False
      378     180.62      149       150   134.0008  True    False
      395     180.62      156       157   134.0008  True    False
      412     180.62      163       164   134.0008  True    False
      429     180.62      170       171   134.0008  True    False
      446     180.62      177       178   134.0008  True    False
      463     180.62      184       185   134.0008  True    False
      480     180.62      191       192   134.0008  True    False
      497     180.62      198       199   134.0008  True    False
      514     180.62      205       206   134.0008  True    False
      531     180.62      212       213   134.0008  True    False
      548     180.62      219       220   134.0008  True    False
      565     180.62      226       227   134.0008  True    False
      582     180.62      233       234   134.0008  True    False
      599     180.62      240       241   134.0008  True    False
      616     180.62      247       248   134.0008  True    False
      653      48.00      262       263   134.0008  True    True
      670      48.00      269       270   134.0008  True    True
      687      48.00      276       277   134.0008  True    True
      704      48.00      283       284   134.0008  True    True
      721      48.00      290       291   134.0008  True    True
      738      48.00      297       298   134.0008  True    True
      755      48.00      304       305   134.0008  True    True
      772      48.00      311       312   134.0008  True    True
      789      48.00      318       319   134.0008  True    True
      806      48.00      325       326   134.0008  True    True
      656      56.00      263       264   134.0007  True    False
      673      56.00      270       271   134.0007  True    False
      690      56.00      277       278   134.0007  True    False
      707      56.00      284       285   134.0007  True    False
      724      56.00      291       292   134.0007  True    False
      741      56.00      298       299   134.0007  True    False
      758      56.00      305       306   134.0007  True    False
      775      56.00      312       313   134.0007  True    False
      792      56.00      319       320   134.0007  True    False
      809      56.00      326       327   134.0007  True    False
      660     112.00      265       266   134.0007  True    False
      677     112.00      272       273   134.0007  True    False
      694     112.00      279       280   134.0007  True    False
      711     112.00      286       287   134.0007  True    False
      728     112.00      293       294   134.0007  True    False
      745     112.00      300       301   134.0007  True    False
      762     112.00      307       308   134.0007  True    False
      779     112.00      314       315   134.0007  True    False
      796     112.00      321       322   134.0007  True    False
      813     112.00      328       329   134.0007  True    False
      642     325.12      258       259   134.0006  True    False
      627     289.00      253       254   134.0006  True    True
      633     289.00      255       256   134.0005  True    True
      822       6.00      332       333   134.0003  True    False
      826       3.91      334       334   134.0000  True    False
       17     918.75        6        11    67.5238  True    True
      256     153.12      101       103    67.5000  True    False
       46     153.12       17        19    67.0018  True    True
       69     153.12       26        28    67.0018  True    True
       92     153.12       35        37    67.0018  True    True
      115     153.12       44        46    67.0018  True    True
      138     153.12       53        55    67.0018  True    True
      161     153.12       62        64    67.0018  True    True
      184     153.12       71        73    67.0018  True    True
      207     153.12       80        82    67.0018  True    True
      230     153.12       89        91    67.0018  True    True
      253     153.12       99       101    67.0018  True    False
       52     153.12       18        20    67.0013  True    False
       75     153.12       27        29    67.0013  True    False
       98     153.12       36        38    67.0013  True    False
      121     153.12       45        47    67.0013  True    False
      144     153.12       54        56    67.0013  True    False
      167     153.12       63        65    67.0013  True    False
      190     153.12       72        74    67.0013  True    False
      213     153.12       81        83    67.0013  True    False
      236     153.12       90        92    67.0013  True    False
      262     229.69      100       102    67.0011  True    False
      290     144.50      112       114    67.0008  True    False
      307     144.50      119       121    67.0008  True    False
      324     144.50      126       128    67.0008  True    False
      341     144.50      133       135    67.0008  True    False
      358     144.50      140       142    67.0008  True    False
      375     144.50      147       149    67.0008  True    False
      392     144.50      154       156    67.0008  True    False
      409     144.50      161       163    67.0008  True    False
      426     144.50      168       170    67.0008  True    False
      443     144.50      175       177    67.0008  True    False
      460     144.50      182       184    67.0008  True    False
      477     144.50      189       191    67.0008  True    False
      494     144.50      196       198    67.0008  True    False
      511     144.50      203       205    67.0008  True    False
      528     144.50      210       212    67.0008  True    False
      545     144.50      217       219    67.0008  True    False
      562     144.50      224       226    67.0008  True    False
      579     144.50      231       233    67.0008  True    False
      596     144.50      238       240    67.0008  True    False
      613     144.50      245       247    67.0008  True    False
      624    1228.25      251       257    45.1744  True    False
       30     306.25       12        15    45.1667  True    True
       49     153.12       19        22    45.1667  True    False
       72     153.12       28        31    45.1667  True    False
       95     153.12       37        40    45.1667  True    False
      118     153.12       46        49    45.1667  True    False
      141     153.12       55        58    45.1667  True    False
      164     153.12       64        67    45.1667  True    False
      187     153.12       73        76    45.1667  True    False
      210     153.12       82        85    45.1667  True    False
      233     153.12       91        94    45.1667  True    False
      287     216.75      113       116    45.1667  True    False
      304     216.75      120       123    45.1667  True    False
      321     216.75      127       130    45.1667  True    False
      338     216.75      134       137    45.1667  True    False
      355     216.75      141       144    45.1667  True    False
      372     216.75      148       151    45.1667  True    False
      389     216.75      155       158    45.1667  True    False
      406     216.75      162       165    45.1667  True    False
      423     216.75      169       172    45.1667  True    False
      440     216.75      176       179    45.1667  True    False
      457     216.75      183       186    45.1667  True    False
      474     216.75      190       193    45.1667  True    False
      491     216.75      197       200    45.1667  True    False
      508     216.75      204       207    45.1667  True    False
      525     216.75      211       214    45.1667  True    False
      542     216.75      218       221    45.1667  True    False
      559     216.75      225       228    45.1667  True    False
      576     216.75      232       235    45.1667  True    False
      593     216.75      239       242    45.1667  True    False
      610     216.75      246       249    45.1667  True    False
      259     153.12       97       100    44.6680  True    False
       33     306.25       10        13    44.6678  True    False
       27     229.69        9        12    44.6677  True    False
       24     459.38       11        15    34.0000  True    True
      273     433.50      107       111    34.0000  True    True
      636      72.00      256       260    34.0000  True    True
      650      48.00      261       265    34.0000  True    False
      667      48.00      268       272    34.0000  True    False
      684      48.00      275       279    34.0000  True    False
      701      48.00      282       286    34.0000  True    False
      718      48.00      289       293    34.0000  True    False
      735      48.00      296       300    34.0000  True    False
      752      48.00      303       307    34.0000  True    False
      769      48.00      310       314    34.0000  True    False
      786      48.00      317       321    34.0000  True    False
      803      48.00      324       328    34.0000  True    False
      284    1228.25      111       118    27.3073  True    True
      301    1228.25      118       125    27.3073  True    True
      318    1228.25      125       132    27.3073  True    True
      335    1228.25      132       139    27.3073  True    True
      352    1228.25      139       146    27.3073  True    True
      369    1228.25      146       153    27.3073  True    True
      386    1228.25      153       160    27.3073  True    True
      403    1228.25      160       167    27.3073  True    True
      420    1228.25      167       174    27.3073  True    True
      437    1228.25      174       181    27.3073  True    True
      454    1228.25      181       188    27.3073  True    True
      471    1228.25      188       195    27.3073  True    True
      488    1228.25      195       202    27.3073  True    True
      505    1228.25      202       209    27.3073  True    True
      522    1228.25      209       216    27.3073  True    True
      539    1228.25      216       223    27.3073  True    True
      556    1228.25      223       230    27.3073  True    True
      573    1228.25      230       237    27.3073  True    True
      590    1228.25      237       244    27.3073  True    True
      607    1228.25      244       251    27.3073  True    False
      647     520.00      260       267    27.3056  True    True
      664     520.00      267       274    27.3056  True    True
      681     520.00      274       281    27.3056  True    True
      698     520.00      281       288    27.3056  True    True
      715     520.00      288       295    27.3056  True    True
      732     520.00      295       302    27.3056  True    True
      749     520.00      302       309    27.3056  True    True
      766     520.00      309       316    27.3056  True    True
      783     520.00      316       323    27.3056  True    True
      800     520.00      323       330    27.3056  True    False
      250     153.12       98       103    27.3000  True    False
      283     361.25      106       111    27.3000  True    False
       40    1531.25       15        24    22.8805  True    True
       63    1531.25       24        33    22.8805  True    True
       86    1531.25       33        42    22.8805  True    True
      109    1531.25       42        51    22.8805  True    True
      132    1531.25       51        60    22.8805  True    True
      155    1531.25       60        69    22.8805  True    True
      178    1531.25       69        78    22.8805  True    True
      201    1531.25       78        87    22.8805  True    True
      224    1531.25       87        96    22.8805  True    True
      247    1531.25       96       105    22.8805  True    False
       43     153.12       16        22    22.8333  True    False
       66     153.12       25        31    22.8333  True    False
       89     153.12       34        40    22.8333  True    False
      112     153.12       43        49    22.8333  True    False
      135     153.12       52        58    22.8333  True    False
      158     153.12       61        67    22.8333  True    False
      181     153.12       70        76    22.8333  True    False
      204     153.12       79        85    22.8333  True    False
      227     153.12       88        94    22.8333  True    False
      630      96.00      254       260    22.8333  True    False
       21     306.25        8        15    19.6429  True    False
      646     272.00      252       260    17.2500  True    False

--- PIN DURATION SUMMARY ---
  total tensors:                         335
  pinned:                                 332
  pinned for MORE than one timestep:      231  [6, 10, 17, 21, 24, 27, 30, 33, 36, 40, 43, 46, 49, 52, 55, 59, 63, 66, 69, 72, 75, 78, 82, 86, 89, 92, 95, 98, 101, 105, 109, 112, 115, 118, 121, 124, 128, 132, 135, 138, 141, 144, 147, 151, 155, 158, 161, 164, 167, 170, 174, 178, 181, 184, 187, 190, 193, 197, 201, 204, 207, 210, 213, 216, 220, 224, 227, 230, 233, 236, 239, 243, 247, 250, 253, 256, 259, 262, 266, 269, 270, 273, 279, 283, 284, 287, 290, 293, 297, 301, 304, 307, 310, 314, 318, 321, 324, 327, 331, 335, 338, 341, 344, 348, 352, 355, 358, 361, 365, 369, 372, 375, 378, 382, 386, 389, 392, 395, 399, 403, 406, 409, 412, 416, 420, 423, 426, 429, 433, 437, 440, 443, 446, 450, 454, 457, 460, 463, 467, 471, 474, 477, 480, 484, 488, 491, 494, 497, 501, 505, 508, 511, 514, 518, 522, 525, 528, 531, 535, 539, 542, 545, 548, 552, 556, 559, 562, 565, 569, 573, 576, 579, 582, 586, 590, 593, 596, 599, 603, 607, 610, 613, 616, 620, 624, 630, 636, 642, 646, 647, 650, 656, 660, 664, 667, 673, 677, 681, 684, 690, 694, 698, 701, 707, 711, 715, 718, 724, 728, 732, 735, 741, 745, 749, 752, 758, 762, 766, 769, 775, 779, 783, 786, 792, 796, 800, 803, 809, 813, 817, 822]
  pinned for exactly one timestep:        101  [16, 18, 39, 58, 62, 81, 85, 104, 108, 127, 131, 150, 154, 173, 177, 196, 200, 219, 223, 242, 246, 265, 276, 282, 296, 300, 313, 317, 330, 334, 347, 351, 364, 368, 381, 385, 398, 402, 415, 419, 432, 436, 449, 453, 466, 470, 483, 487, 500, 504, 517, 521, 534, 538, 551, 555, 568, 572, 585, 589, 602, 606, 619, 623, 627, 633, 639, 645, 653, 659, 663, 670, 676, 680, 687, 693, 697, 704, 710, 714, 721, 727, 731, 738, 744, 748, 755, 761, 765, 772, 778, 782, 789, 795, 799, 806, 812, 816, 820, 825, 826]
  not pinned (oversized, size > budget):  1
  not pinned (lost FoM competition):      2
[OnSRAM SPM] verified 335 timesteps, peak occupancy 4704000/5242880 bytes, 0 violations

--- REAL SCALE-SIM RESULTS (Phase D: scale_sim_runner.run_onsram_aware()) ---
  baseline DRAM bytes (no SPM mgmt):       508,033,913
  OnSRAM-aware DRAM bytes:                   57,606,235
  DRAM traffic reduction:                        88.66%
    of which, ifmap residency credit:        38,323,472 bytes (pinned tensors read from SPM instead of DRAM)
    of which, ofmap residency credit:       412,104,206 bytes (every layer's own output never round-trips DRAM at creation -- Eq.3, unconditional in this mode, not specific to OnSRAM's pinning choices)
  baseline total cycles:                     18,425,578
  OnSRAM-aware total cycles:                  17,923,249
  speedup (baseline_cycles / onsram_cycles): 1.0280x
  memory-bound layers: baseline=90, onsram-aware=0 (of 335 total)
