model: /home/george/Desktop/SCALE-Sim/cosma/_exported/MobileNet/model.json
spm_budget_mb: 2.0000
============================================================
OnSRAM-Static @ 2.00 MB: 27/30 COSMA-tracked tensors pinned (90.0%)
  [OK] 27/30 pinned, independently replayed with no physical inconsistency; peak 1.5312 MB / 2.00 MB budget (oversized excluded: [9])
  [OK] MobileNet@2MB regression: 30 tensors tracked, identity schedule order

--- SCHEDULE (BFS-DFS hybrid execution order) ---
  t=0    layer=0     op=CONV2D
  t=1    layer=1     op=DEPTHWISE_CONV2D
  t=2    layer=2     op=CONV2D
  t=3    layer=3     op=DEPTHWISE_CONV2D
  t=4    layer=4     op=CONV2D
  t=5    layer=5     op=DEPTHWISE_CONV2D
  t=6    layer=6     op=CONV2D
  t=7    layer=7     op=DEPTHWISE_CONV2D
  t=8    layer=8     op=CONV2D
  t=9    layer=9     op=DEPTHWISE_CONV2D
  t=10   layer=10    op=CONV2D
  t=11   layer=11    op=DEPTHWISE_CONV2D
  t=12   layer=12    op=CONV2D
  t=13   layer=13    op=DEPTHWISE_CONV2D
  t=14   layer=14    op=CONV2D
  t=15   layer=15    op=DEPTHWISE_CONV2D
  t=16   layer=16    op=CONV2D
  t=17   layer=17    op=DEPTHWISE_CONV2D
  t=18   layer=18    op=CONV2D
  t=19   layer=19    op=DEPTHWISE_CONV2D
  t=20   layer=20    op=CONV2D
  t=21   layer=21    op=DEPTHWISE_CONV2D
  t=22   layer=22    op=CONV2D
  t=23   layer=23    op=DEPTHWISE_CONV2D
  t=24   layer=24    op=CONV2D
  t=25   layer=25    op=DEPTHWISE_CONV2D
  t=26   layer=26    op=CONV2D
  t=27   layer=27    op=REDUCE_MEAN
  t=28   layer=28    op=CONV2D
  t=29   layer=30    op=SOFTMAX

--- FOM LIST (all tensors, sorted by FoM descending) ---
   tensor    size_KB produced last_used        fom  pinned  reclaimed_src
       81     196.00       26        27    12.5000  True    True
       86       3.91       28        29    12.5000  True    True
        3    1568.00        0         1    12.0562  True    True
       15    1568.00        4         5    12.0562  True    False
        9    3136.00        2         3    12.0559  False   False
       27     784.00        8         9    12.0559  True    True
       21    1568.00        6         7    12.0557  True    True
       39     392.00       12        13    12.0557  True    True
       45     392.00       14        15    12.0557  True    True
       51     392.00       16        17    12.0557  True    True
       57     392.00       18        19    12.0557  True    True
       63     392.00       20        21    12.0557  True    True
       33     784.00       10        11    12.0556  True    True
       75     196.00       24        25    12.0556  True    True
       69     392.00       22        23    12.0556  True    True
       18    1568.00        5         6    12.0129  False   False
        6    1568.00        1         2    12.0123  True    False
       30     784.00        9        10    12.0110  True    False
       42     392.00       13        14    12.0100  True    False
       48     392.00       15        16    12.0100  True    False
       54     392.00       17        18    12.0100  True    False
       60     392.00       19        20    12.0100  True    False
       66     392.00       21        22    12.0100  True    False
       78     196.00       25        26    12.0095  True    False
       12     784.00        3         4    12.0084  False   False
       24     392.00        7         8    12.0065  True    False
       36     196.00       11        12    12.0055  True    False
       72      98.00       23        24    12.0050  True    False
       83       4.00       27        28    12.0007  True    False
       88       3.91       29        29    12.0000  True    False

--- PIN DURATION SUMMARY ---
  total tensors:                         30
  pinned:                                 27
  pinned for MORE than one timestep:      13  [6, 15, 24, 30, 36, 42, 48, 54, 60, 66, 72, 78, 83]
  pinned for exactly one timestep:        14  [3, 21, 27, 33, 39, 45, 51, 57, 63, 69, 75, 81, 86, 88]
  not pinned (oversized, size > budget):  1
  not pinned (lost FoM competition):      2
[OnSRAM SPM] verified 30 timesteps, peak occupancy 1605632/2097152 bytes, 0 violations

--- REAL SCALE-SIM RESULTS (Phase D: scale_sim_runner.run_onsram_aware()) ---
  baseline DRAM bytes (no SPM mgmt):       100,019,173
  OnSRAM-aware DRAM bytes:                   23,330,880
  DRAM traffic reduction:                        76.67%
    of which, ifmap residency credit:         5,344,860 bytes (pinned tensors read from SPM instead of DRAM)
    of which, ofmap residency credit:        71,343,433 bytes (every layer's own output never round-trips DRAM at creation -- Eq.3, unconditional in this mode, not specific to OnSRAM's pinning choices)
  baseline total cycles:                     12,623,005
  OnSRAM-aware total cycles:                  12,550,636
  speedup (baseline_cycles / onsram_cycles): 1.0058x
  memory-bound layers: baseline=5, onsram-aware=4 (of 30 total)
