model: /home/george/Desktop/SCALE-Sim/cosma/_exported/squeezenet/model.json
spm_budget_mb: 2.0000
============================================================
OnSRAM-Static @ 2.00 MB: 34/40 COSMA-tracked tensors pinned (85.0%)
  [OK] 34/40 pinned, independently replayed with no physical inconsistency; peak 1.8463 MB / 2.00 MB budget (oversized excluded: [3, 34])

--- SCHEDULE (BFS-DFS hybrid execution order) ---
  t=0    layer=0     op=ADD
  t=1    layer=1     op=ADD
  t=2    layer=2     op=ADD
  t=3    layer=3     op=ADD
  t=4    layer=4     op=ADD
  t=5    layer=5     op=ADD
  t=6    layer=6     op=ADD
  t=7    layer=7     op=ADD
  t=8    layer=8     op=ADD
  t=9    layer=9     op=ADD
  t=10   layer=10    op=ADD
  t=11   layer=11    op=ADD
  t=12   layer=12    op=ADD
  t=13   layer=13    op=ADD
  t=14   layer=14    op=ADD
  t=15   layer=15    op=ADD
  t=16   layer=16    op=ADD
  t=17   layer=17    op=ADD
  t=18   layer=18    op=ADD
  t=19   layer=19    op=ADD
  t=20   layer=20    op=ADD
  t=21   layer=21    op=ADD
  t=22   layer=22    op=ADD
  t=23   layer=23    op=ADD
  t=24   layer=24    op=ADD
  t=25   layer=25    op=ADD
  t=26   layer=26    op=ADD
  t=27   layer=27    op=ADD
  t=28   layer=28    op=ADD
  t=29   layer=29    op=ADD
  t=30   layer=30    op=ADD
  t=31   layer=31    op=ADD
  t=32   layer=32    op=ADD
  t=33   layer=33    op=ADD
  t=34   layer=34    op=ADD
  t=35   layer=35    op=ADD
  t=36   layer=36    op=ADD
  t=37   layer=37    op=ADD
  t=38   layer=38    op=ADD
  t=39   layer=39    op=ADD

--- FOM LIST (all tensors, sorted by FoM descending) ---
   tensor    size_KB produced last_used        fom  pinned  reclaimed_src
       27     378.12       10        12    17.0099  True    True
        7     189.06        2         4    17.0050  True    True
       17     189.06        6         8    17.0050  True    True
       68     182.25       27        29    17.0048  True    True
       48     136.69       19        21    17.0036  True    True
       58     136.69       23        25    17.0036  True    True
       38      91.12       15        17    17.0024  True    True
       79      42.25       32        34    17.0011  True    True
       33    1512.50       12        13    16.5099  True    False
       13     756.25        4         5    16.5050  True    True
       23     756.25        8         9    16.5050  True    True
       74     729.00       29        30    16.5048  True    True
        3    4704.00        0         1    16.5037  False   False
       54     546.75       21        22    16.5036  True    True
       64     546.75       25        26    16.5036  True    True
       34    3025.00       13        14    16.5024  False   False
       44     364.50       17        18    16.5024  True    True
       86     338.00       35        36    16.5022  True    True
       24    1512.50        9        10    16.5012  True    False
       75    1458.00       30        31    16.5011  True    True
       85     169.00       34        35    16.5011  True    False
        4    1134.38        1         2    16.5006  True    False
       14    1512.50        5         6    16.5006  True    False
       65    1093.50       26        27    16.5006  True    False
       45     729.00       18        19    16.5004  True    False
       55    1093.50       22        23    16.5004  True    False
       35     729.00       14        15    16.5003  True    False
       76     338.00       31        32    16.5001  True    False
       89     660.82       36        37    16.5000  True    True
       90       3.91       37        38    16.5000  True    True
       92       3.91       38        39    16.5000  True    True
       93       3.91       39        39    16.0000  True    False
       30    1512.50       11        13     8.5099  False   False
       10     756.25        3         5     8.5050  False   False
       20     756.25        7         9     8.5050  False   False
       71     729.00       28        30     8.5048  False   False
       51     546.75       20        22     8.5036  True    False
       61     546.75       24        26     8.5036  True    False
       41     364.50       16        18     8.5024  True    False
       82     169.00       33        35     8.5011  True    False

--- PIN DURATION SUMMARY ---
  total tensors:                         40
  pinned:                                 34
  pinned for MORE than one timestep:      22  [4, 7, 14, 17, 24, 27, 33, 35, 38, 41, 45, 48, 51, 55, 58, 61, 65, 68, 76, 79, 82, 85]
  pinned for exactly one timestep:        12  [13, 23, 44, 54, 64, 74, 75, 86, 89, 90, 92, 93]
  not pinned (oversized, size > budget):  2
  not pinned (lost FoM competition):      4
[OnSRAM SPM] verified 40 timesteps, peak occupancy 1936000/2097152 bytes, 0 violations

--- REAL SCALE-SIM RESULTS (Phase D: scale_sim_runner.run_onsram_aware()) ---
  baseline DRAM bytes (no SPM mgmt):                 0
  OnSRAM-aware DRAM bytes:                            0
  DRAM traffic reduction:                         0.00%
    of which, ifmap residency credit:                 0 bytes (pinned tensors read from SPM instead of DRAM)
    of which, ofmap residency credit:                 0 bytes (every layer's own output never round-trips DRAM at creation -- Eq.3, unconditional in this mode, not specific to OnSRAM's pinning choices)
  baseline total cycles:                              0
  OnSRAM-aware total cycles:                           0
  speedup (baseline_cycles / onsram_cycles): infx
  memory-bound layers: baseline=0, onsram-aware=0 (of 40 total)
